******************************************************************************
                  TI ARM Linker PC v20.2.7                     
******************************************************************************
>> Linked Sat Jun  1 17:03:09 2024

OUTPUT FILE NAME:   <finalprojectattempt3.out>
ENTRY POINT SYMBOL: "_c_int00_noargs"  address: 20010e65


MEMORY CONFIGURATION

         name            origin    length      used     unused   attr    fill
----------------------  --------  ---------  --------  --------  ----  --------
  SRAM_CODE             20004000   00013000  0000e252  00004dae  RW X
  SRAM_DATA             20017000   00019000  0000a062  0000ef9e  RW X


SEGMENT ALLOCATION MAP

run origin  load origin   length   init length attrs members
----------  ----------- ---------- ----------- ----- -------
20004000    20004000    0000e258   0000e258    r-x
  20004000    20004000    00000400   00000400    r-- .intvecs
  20004400    20004400    0000d242   0000d242    r-x .text
  20011644    20011644    00000ad0   00000ad0    r-- .const
  20012118    20012118    00000140   00000140    r-- .cinit
20017000    20017000    00009066   00000000    rw-
  20017000    20017000    00008000   00000000    rw- .sysmem
  2001f000    2001f000    00000964   00000000    rw- .data
  2001f968    2001f968    000006fe   00000000    rw- .bss
2002f000    2002f000    00001000   00000000    rw-
  2002f000    2002f000    00001000   00000000    rw- .stack


SECTION ALLOCATION MAP

 output                                  attributes/
section   page    origin      length       input sections
--------  ----  ----------  ----------   ----------------
.intvecs   0    20004000    00000400     
                  20004000    00000400     main.obj (.intvecs)

.init_array 
*          0    20004000    00000000     UNINITIALIZED

.text      0    20004400    0000d242     
                  20004400    00002dc4     main.obj (.text)
                  200071c4    00000ed0     network_utils.obj (.text)
                  20008094    00000a94     Adafruit_GFX.obj (.text)
                  20008b28    00000a4e     rtsv7M4_T_le_eabi.lib : _printfi.c.obj (.text:__TI_printfi)
                  20009576    00000002     driverlib.a : interrupt.obj (.text:IntDefaultHandler)
                  20009578    00000590     simplelink.a : driver.obj (.text:_SlDrvMsgRead)
                  20009b08    000004aa     Adafruit_OLED.obj (.text)
                  20009fb2    00000002     rtsv7M4_T_le_eabi.lib : _lock.c.obj (.text:_nop)
                  20009fb4    000002a0     i2c_if.obj (.text)
                  2000a254    00000280     simplelink.a : wlan.obj (.text:sl_WlanConnect)
                  2000a4d4    0000027c     uart_if.obj (.text)
                  2000a750    00000268     rtsv7M4_T_le_eabi.lib : _printfi.c.obj (.text:_pconv_a)
                  2000a9b8    00000248     simplelink.a : driver.obj (.text:_SlDrvRxHdrRead)
                  2000ac00    000001e4                  : driver.obj (.text:_SlDrvDataReadOp)
                  2000ade4    000001d0                  : driver.obj (.text:_SlDrvReleasePoolObj)
                  2000afb4    000001cc     rtsv7M4_T_le_eabi.lib : _printfi.c.obj (.text:_pconv_g)
                  2000b180    000001b6                           : fd_add_t2.asm.obj (.text)
                  2000b336    00000002                           : div0.asm.obj (.text)
                  2000b338    000001b4     simplelink.a : driver.obj (.text:_SlDrvDriverCBInit)
                  2000b4ec    0000019c                  : driver.obj (.text:_SlDrvMsgWrite)
                  2000b688    00000190                  : driver.obj (.text:_SlDrvWaitForPoolObj)
                  2000b818    0000018c                  : socket.obj (.text:sl_Connect)
                  2000b9a4    00000178     driverlib.a : prcm.obj (.text:PRCMCC3200MCUInit)
                  2000bb1c    00000170     simplelink.a : driver.obj (.text:_SlFindAndSetActiveObj)
                  2000bc8c    00000150                  : driver.obj (.text:_SlDrvDataWriteOp)
                  2000bddc    00000148                  : cc_pal.obj (.text:spi_Open)
                  2000bf24    00000144                  : driver.obj (.text:_SlDrvMsgReadCmdCtx)
                  2000c068    00000144                  : netapp.obj (.text:sl_NetAppDnsGetHostByName)
                  2000c1ac    0000013c     rtsv7M4_T_le_eabi.lib : _printfi.c.obj (.text:_pconv_e)
                  2000c2e8    00000136                           : fd_div_t2.asm.obj (.text)
                  2000c41e    00000002     --HOLE-- [fill = 0]
                  2000c420    00000134     pin_mux_config.obj (.text)
                  2000c554    00000134     simplelink.a : socket.obj (.text:sl_Send)
                  2000c688    00000130                  : driver.obj (.text:_SlDrvDriverCBDeinit)
                  2000c7b8    00000120     rtsv7M4_T_le_eabi.lib : _printfi.c.obj (.text:fcvt)
                  2000c8d8    00000114                           : fputs.c.obj (.text:fputs)
                  2000c9ec    00000104     simplelink.a : netapp.obj (.text:_SlDrvNetAppEventHandler)
                  2000caf0    00000100     rtsv7M4_T_le_eabi.lib : memory.c.obj (.text:aligned_alloc)
                  2000cbf0    000000fc                           : fd_mul_t2.asm.obj (.text)
                  2000ccec    000000f0     simplelink.a : device.obj (.text:sl_Stop)
                  2000cddc    000000f0                  : cc_pal.obj (.text:spi_Read)
                  2000cecc    000000f0     driverlib.a : udma.obj (.text:uDMAChannelTransferSet)
                  2000cfbc    000000ec     simplelink.a : device.obj (.text:sl_Start)
                  2000d0a8    000000e8                  : driver.obj (.text:_SlAsyncEventGenericHandler)
                  2000d190    000000e8                  : driver.obj (.text:_SlDrvMsgReadSpawnCtx)
                  2000d278    000000e4     rtsv7M4_T_le_eabi.lib : memory.c.obj (.text:free)
                  2000d35c    000000e4                           : memory.c.obj (.text:realloc)
                  2000d440    000000e4     simplelink.a : netapp.obj (.text:sl_NetAppMDNSRegisterUnregisterService)
                  2000d524    000000dc                  : driver.obj (.text:_SlDrvClassifyRxMsg)
                  2000d600    000000dc     rtsv7M4_T_le_eabi.lib : setvbuf.c.obj (.text:setvbuf)
                  2000d6dc    000000d0                           : s_scalbn.c.obj (.text:scalbn)
                  2000d7ac    000000cc     simplelink.a : netapp.obj (.text:_sl_HandleAsync_DnsGetHostByService)
                  2000d878    000000cc                  : device.obj (.text:sl_DevGet)
                  2000d944    000000c4                  : driver.obj (.text:_SlRemoveFromList)
                  2000da08    000000c0                  : driver.obj (.text:_SlDrvCmdOp)
                  2000dac8    000000b1     rtsv7M4_T_le_eabi.lib : _printfi.c.obj (.text:_ltostr)
                  2000db79    00000003     --HOLE-- [fill = 0]
                  2000db7c    000000b0     simplelink.a : nonos.obj (.text:_SlNonOsSemGet)
                  2000dc2c    000000a8     driverlib.a : interrupt.obj (.text:IntDisable)
                  2000dcd4    000000a8                 : interrupt.obj (.text:IntEnable)
                  2000dd7c    000000a4     simplelink.a : driver.obj (.text:_SlDriverHandleError)
                  2000de20    000000a0     driverlib.a : spi.obj (.text:SPIConfigSetExpClk)
                  2000dec0    000000a0     simplelink.a : socket.obj (.text:sl_Recv)
                  2000df60    0000009c     rtsv7M4_T_le_eabi.lib : memcpy_t2.asm.obj (.text)
                  2000dffc    0000009a     simplelink.a : device.obj (.text:_SlDrvDeviceEventHandler)
                  2000e096    00000002     --HOLE-- [fill = 0]
                  2000e098    00000098                  : device.obj (.text:sl_DevSet)
                  2000e130    00000098                  : netcfg.obj (.text:sl_NetCfgSet)
                  2000e1c8    00000098                  : socket.obj (.text:sl_SetSockOpt)
                  2000e260    00000098                  : wlan.obj (.text:sl_WlanSet)
                  2000e2f8    00000098                  : cc_pal.obj (.text:spi_Write)
                  2000e390    00000096     rtsv7M4_T_le_eabi.lib : ull_div_t2.asm.obj (.text)
                  2000e426    00000002     --HOLE-- [fill = 0]
                  2000e428    00000094     driverlib.a : prcm.obj (.text:PRCMPeripheralClockGet)
                  2000e4bc    00000092     rtsv7M4_T_le_eabi.lib : fs_div_t2.asm.obj (.text)
                  2000e54e    00000002     --HOLE-- [fill = 0]
                  2000e550    00000090     simplelink.a : netapp.obj (.text:_sl_HandleAsync_DnsGetHostByName)
                  2000e5e0    00000090                  : netapp.obj (.text:_sl_HandleAsync_PingResponse)
                  2000e670    00000090                  : wlan.obj (.text:sl_WlanPolicySet)
                  2000e700    0000008c                  : cc_pal.obj (.text:SetupDMAReceive)
                  2000e78c    0000008c                  : cc_pal.obj (.text:SetupDMASend)
                  2000e818    0000008c                  : driver.obj (.text:_SlDrvIsTimeoutExpired)
                  2000e8a4    0000008c                  : device.obj (.text:_sl_HandleAsync_InitComplete)
                  2000e930    0000008c     rtsv7M4_T_le_eabi.lib : fputc.c.obj (.text:fputc)
                  2000e9bc    0000008c     simplelink.a : socket.obj (.text:sl_Socket)
                  2000ea48    00000088     driverlib.a : pin.obj (.text:PinConfigSet)
                  2000ead0    00000086     rtsv7M4_T_le_eabi.lib : fd_cmp_t2.asm.obj (.text:__aeabi_cdcmple)
                  2000eb56    00000086                           : fd_cmp_t2.asm.obj (.text:__aeabi_cdrcmple)
                  2000ebdc    00000084     driverlib.a : i2c.obj (.text:I2CMasterInitExpClk)
                  2000ec60    00000084     simplelink.a : wlan.obj (.text:sl_WlanRxFilterSet)
                  2000ece4    00000082     driverlib.a : gpio.obj (.text:GPIOIntTypeSet)
                  2000ed66    00000002     --HOLE-- [fill = 0]
                  2000ed68    00000080     simplelink.a : socket.obj (.text:_sl_HandleAsync_Connect)
                  2000ede8    00000080                  : cc_pal.obj (.text:spi_Read_CPU)
                  2000ee68    00000080                  : cc_pal.obj (.text:spi_Write_CPU)
                  2000eee8    0000007a     rtsv7M4_T_le_eabi.lib : fs_mul_t2.asm.obj (.text)
                  2000ef62    0000007a                           : memset_t2.asm.obj (.text)
                  2000efdc    00000078     simplelink.a : cc_pal.obj (.text:spi_Close)
                  2000f054    00000076     driverlib.a : uart.obj (.text:UARTConfigSetExpClk)
                  2000f0ca    00000002     --HOLE-- [fill = 0]
                  2000f0cc    00000074     simplelink.a : nonos.obj (.text:_SlNonOsMainLoopTask)
                  2000f140    00000074     rtsv7M4_T_le_eabi.lib : fclose.c.obj (.text:__TI_closefile)
                  2000f1b4    00000070                           : memory.c.obj (.text:split)
                  2000f224    0000006e                           : _printfi.c.obj (.text:_mcpy)
                  2000f292    00000002     --HOLE-- [fill = 0]
                  2000f294    0000006c                           : hostrename.c.obj (.text:HOSTrename)
                  2000f300    0000006c     simplelink.a : driver.obj (.text:_SlDrvCmdSend)
                  2000f36c    0000006c                  : netapp.obj (.text:_sl_NetAppSendTokenValue)
                  2000f3d8    00000068     rtsv7M4_T_le_eabi.lib : hostlseek.c.obj (.text:HOSTlseek)
                  2000f440    00000068                           : copy_decompress_lzss.c.obj (.text:decompress:lzss:__TI_decompress_lzss)
                  2000f4a8    00000064     simplelink.a : nonos.obj (.text:_SlNonOsSpawn)
                  2000f50c    00000064                  : socket.obj (.text:_sl_HandleAsync_Accept)
                  2000f570    00000064     rtsv7M4_T_le_eabi.lib : fprintf.c.obj (.text:fprintf)
                  2000f5d4    00000064                           : fseek.c.obj (.text:fseek)
                  2000f638    00000064     simplelink.a : netapp.obj (.text:sl_NetAppMDNSUnRegisterService)
                  2000f69c    00000064     driverlib.a : udma.obj (.text:uDMAChannelAttributeDisable)
                  2000f700    00000064                 : udma.obj (.text:uDMAChannelAttributeEnable)
                  2000f764    00000062     rtsv7M4_T_le_eabi.lib : _io_perm.c.obj (.text:__TI_wrt_ok)
                  2000f7c6    00000002     --HOLE-- [fill = 0]
                  2000f7c8    00000060                           : hostopen.c.obj (.text:HOSTopen)
                  2000f828    00000060     simplelink.a : socket.obj (.text:sl_Close)
                  2000f888    00000060                  : wlan.obj (.text:sl_WlanProfileDel)
                  2000f8e8    00000060                  : wlan.obj (.text:sl_WlanSetMode)
                  2000f948    0000005c     rtsv7M4_T_le_eabi.lib : close.c.obj (.text:close)
                  2000f9a4    0000005c                           : s_frexp.c.obj (.text:frexp)
                  2000fa00    00000058                           : hostread.c.obj (.text:HOSTread)
                  2000fa58    00000058                           : hostwrite.c.obj (.text:HOSTwrite)
                  2000fab0    00000058     driverlib.a : interrupt.obj (.text:IntPendClear)
                  2000fb08    00000058                 : prcm.obj (.text:PRCMPeripheralReset)
                  2000fb60    00000056     rtsv7M4_T_le_eabi.lib : _printfi.c.obj (.text:_pconv_f)
                  2000fbb6    00000002     --HOLE-- [fill = 0]
                  2000fbb8    00000054     driverlib.a : interrupt.obj (.text:IntPrioritySet)
                  2000fc0c    00000054     simplelink.a : driver.obj (.text:_SlDrvRxIrqHandler)
                  2000fc60    00000054     rtsv7M4_T_le_eabi.lib : _ltoa.c.obj (.text:__TI_ltoa)
                  2000fcb4    00000054     simplelink.a : socket.obj (.text:_sl_HandleAsync_Select)
                  2000fd08    00000052     rtsv7M4_T_le_eabi.lib : _printfi.c.obj (.text:_ecpy)
                  2000fd5a    00000002     --HOLE-- [fill = 0]
                  2000fd5c    00000050     simplelink.a : device.obj (.text:_sl_HandleAsync_Stop)
                  2000fdac    0000004c     driverlib.a : spi.obj (.text:SPIIntEnable)
                  2000fdf8    0000004c                 : spi.obj (.text:SPIIntNumberGet)
                  2000fe44    0000004c     simplelink.a : driver.obj (.text:_SlDrvProtectAsyncRespSetting)
                  2000fe90    0000004c     rtsv7M4_T_le_eabi.lib : fflush.c.obj (.text:__TI_doflush)
                  2000fedc    0000004c     simplelink.a : socket.obj (.text:_sl_BuildAddress)
                  2000ff28    0000004c     rtsv7M4_T_le_eabi.lib : atoi.c.obj (.text:atoi)
                  2000ff74    0000004c                           : snprintf.c.obj (.text:snprintf)
                  2000ffc0    0000004c     driverlib.a : udma.obj (.text:uDMAChannelAssign)
                  2001000c    00000048                 : gpio.obj (.text:GPIOGetIntNumber)
                  20010054    00000048     rtsv7M4_T_le_eabi.lib : hosttime.c.obj (.text:HOSTtime)
                  2001009c    00000048     driverlib.a : spi.obj (.text:SPIIntClear)
                  200100e4    00000048     simplelink.a : driver.obj (.text:_SlDrvBasicCmd)
                  2001012c    00000048     rtsv7M4_T_le_eabi.lib : exit.c.obj (.text:exit)
                  20010174    00000048                           : fd_toi_t2.asm.obj (.text)
                  200101bc    00000044                           : hostclose.c.obj (.text:HOSTclose)
                  20010200    00000044                           : hostunlink.c.obj (.text:HOSTunlink)
                  20010244    00000044     driverlib.a : spi.obj (.text:SPIDmaMaskGet)
                  20010288    00000044                 : timer.obj (.text:TimerConfigure)
                  200102cc    00000044     simplelink.a : driver.obj (.text:_SlDrvHandleHttpServerEvents)
                  20010310    00000044                  : driver.obj (.text:_SlDrvSyncObjWaitTimeout)
                  20010354    00000044     rtsv7M4_T_le_eabi.lib : autoinit.c.obj (.text:__TI_auto_init_nobinit_nopinit:__TI_auto_init_nobinit_nopinit)
                  20010398    00000044     simplelink.a : cc_pal.obj (.text:cc_SetupTransfer)
                  200103dc    00000044     rtsv7M4_T_le_eabi.lib : getdevice.c.obj (.text:getdevice)
                  20010420    00000042     simplelink.a : socket.obj (.text:sl_Htonl)
                  20010462    00000002     --HOLE-- [fill = 0]
                  20010464    00000040     driverlib.a : pin.obj (.text:PinModeSet)
                  200104a4    00000040     simplelink.a : driver.obj (.text:_SlDrvHandleNetAppEvents)
                  200104e4    00000040                  : driver.obj (.text:_SlDrvHandleWlanEvents)
                  20010524    00000040                  : socket.obj (.text:_sl_TruncatePayloadByProtocol)
                  20010564    00000040     rtsv7M4_T_le_eabi.lib : sprintf.c.obj (.text:sprintf)
                  200105a4    00000040                           : vsnprintf.c.obj (.text:vsnprintf)
                  200105e4    0000003e     simplelink.a : cc_pal.obj (.text:NwpRegisterInterruptHandler)
                  20010622    0000003e     rtsv7M4_T_le_eabi.lib : _printfi.c.obj (.text:_fcpy)
                  20010660    0000003c     simplelink.a : netapp.obj (.text:CopyPingResultsToReport)
                  2001069c    0000003c     driverlib.a : prcm.obj (.text:PRCMPeripheralClkEnable)
                  200106d8    0000003c     simplelink.a : cc_pal.obj (.text:simplelink_timerA2_start)
                  20010714    0000003c                  : socket.obj (.text:sl_Htons)
                  20010750    0000003c     driverlib.a : udma.obj (.text:uDMAChannelControlSet)
                  2001078c    00000038     simplelink.a : cc_pal.obj (.text:NwpPowerOff)
                  200107c4    00000038     rtsv7M4_T_le_eabi.lib : trgmsg.c.obj (.text:__TI_writemsg)
                  200107fc    00000038                           : fs_toi_t2.asm.obj (.text)
                  20010834    00000038                           : i_tofs_t2.asm.obj (.text)
                  2001086c    00000038     simplelink.a : wlan.obj (.text:sl_WlanDisconnect)
                  200108a4    00000036     driverlib.a : gpio.obj (.text:GPIODirModeSet)
                  200108da    00000036     rtsv7M4_T_le_eabi.lib : strncpy.c.obj (.text:strncpy)
                  20010910    00000034     driverlib.a : prcm.obj (.text:PRCMPeripheralStatusGet)
                  20010944    00000034                 : spi.obj (.text:SPIFIFOLevelSet)
                  20010978    00000034     rtsv7M4_T_le_eabi.lib : fopen.c.obj (.text:__TI_cleanup)
                  200109ac    00000034                           : trgmsg.c.obj (.text:__TI_readmsg)
                  200109e0    00000034                           : rand.c.obj (.text:rand)
                  20010a14    00000030     driverlib.a : pin.obj (.text:PinTypeGPIO)
                  20010a44    00000030                 : uart.obj (.text:UARTDisable)
                  20010a74    00000030     rtsv7M4_T_le_eabi.lib : snprintf.c.obj (.text:_outs)
                  20010aa4    00000030                           : vsnprintf.c.obj (.text:_outs)
                  20010ad4    00000030                           : getdevice.c.obj (.text:finddevice)
                  20010b04    0000002e                           : i_tofd_t2.asm.obj (.text)
                  20010b32    0000002c     driverlib.a : i2c.obj (.text:I2CMasterErr)
                  20010b5e    00000002     --HOLE-- [fill = 0]
                  20010b60    0000002c     simplelink.a : cc_pal.obj (.text:NwpPowerOn)
                  20010b8c    0000002c     driverlib.a : prcm.obj (.text:PRCMSysResetCauseGet)
                  20010bb8    0000002c     simplelink.a : driver.obj (.text:_SlDrvObjGlobalLockWaitForever)
                  20010be4    0000002c                  : driver.obj (.text:_SlDrvProtectionObjLockWaitForever)
                  20010c10    0000002c     rtsv7M4_T_le_eabi.lib : unlink.c.obj (.text:unlink)
                  20010c3c    0000002a     driverlib.a : timer.obj (.text:TimerLoadSet)
                  20010c66    0000002a                 : timer.obj (.text:TimerPrescaleSet)
                  20010c90    00000028                 : prcm.obj (.text:PRCMPeripheralClkDisable)
                  20010cb8    00000028     simplelink.a : driver.obj (.text:_SlDrvGlobalObjUnLock)
                  20010ce0    00000028                  : driver.obj (.text:_SlDrvProtectionObjUnLock)
                  20010d08    00000028                  : driver.obj (.text:_SlDrvSyncObjWaitForever)
                  20010d30    00000028     rtsv7M4_T_le_eabi.lib : memory.c.obj (.text:free_list_insert)
                  20010d58    00000028                           : lseek.c.obj (.text:lseek)
                  20010d80    00000028                           : memmov.c.obj (.text:memmove)
                  20010da8    00000028                           : write.c.obj (.text:write)
                  20010dd0    00000026     simplelink.a : driver.obj (.text:_SlDrvObjLockWaitForever)
                  20010df6    00000002     --HOLE-- [fill = 0]
                  20010df8    00000024                  : cc_pal.obj (.text:DmaSpiSwIntHandler)
                  20010e1c    00000024     driverlib.a : interrupt.obj (.text:IntUnregister)
                  20010e40    00000024                 : uart.obj (.text:UARTEnable)
                  20010e64    00000024     rtsv7M4_T_le_eabi.lib : boot_cortex_m.c.obj (.text:_c_int00_noargs:_c_int00_noargs)
                  20010e88    00000024                           : rand.c.obj (.text:srand)
                  20010eac    00000022     driverlib.a : gpio.obj (.text:GPIOIntStatus)
                  20010ece    00000022                 : i2c.obj (.text:I2CMasterSlaveAddrSet)
                  20010ef0    00000022                 : spi.obj (.text:SPIReset)
                  20010f12    00000022                 : spi.obj (.text:SPIWordCountSet)
                  20010f34    00000020                 : gpio.obj (.text:GPIOPinWrite)
                  20010f54    00000020                 : interrupt.obj (.text:IntRegister)
                  20010f74    00000020     simplelink.a : cc_pal.obj (.text:NwpPrePowerOffTimout0)
                  20010f94    00000020     driverlib.a : spi.obj (.text:SPIDataGet)
                  20010fb4    00000020     simplelink.a : cc_pal.obj (.text:TimerGetCurrentTimestamp)
                  20010fd4    00000020                  : driver.obj (.text:_SlDrvObjUnLock)
                  20010ff4    00000020                  : driver.obj (.text:_SlDrvSyncObjSignal)
                  20011014    00000020     rtsv7M4_T_le_eabi.lib : memchr.c.obj (.text:memchr)
                  20011034    0000001e     driverlib.a : gpio.obj (.text:GPIOIntRegister)
                  20011052    0000001e                 : i2c.obj (.text:I2CMasterIntStatusEx)
                  20011070    0000001e                 : spi.obj (.text:SPIDataPut)
                  2001108e    0000001e                 : timer.obj (.text:TimerEnable)
                  200110ac    0000001e                 : uart.obj (.text:UARTCharPut)
                  200110ca    0000001e     simplelink.a : cc_pal.obj (.text:cc_UDMAChannelSelect)
                  200110e8    0000001c     driverlib.a : pin.obj (.text:PinTypeI2C)
                  20011104    0000001c                 : systick.obj (.text:SysTickIntRegister)
                  20011120    0000001c                 : timer.obj (.text:TimerValueGet)
                  2001113c    0000001c                 : uart.obj (.text:UARTCharGetNonBlocking)
                  20011158    0000001c     simplelink.a : driver.obj (.text:_SlDrvStartMeasureTimeout)
                  20011174    0000001c     rtsv7M4_T_le_eabi.lib : memory.c.obj (.text:free_list_remove)
                  20011190    0000001c                           : memccpy.c.obj (.text:memccpy)
                  200111ac    0000001c     driverlib.a : udma.obj (.text:uDMAChannelEnable)
                  200111c8    0000001a                 : gpio.obj (.text:GPIOIntDisable)
                  200111e2    0000001a                 : gpio.obj (.text:GPIOIntEnable)
                  200111fc    0000001a                 : pin.obj (.text:PinTypeSPI)
                  20011216    0000001a                 : pin.obj (.text:PinTypeUART)
                  20011230    0000001a                 : spi.obj (.text:SPIDmaDisable)
                  2001124a    0000001a                 : spi.obj (.text:SPIDmaEnable)
                  20011264    0000001a                 : spi.obj (.text:SPIFIFODisable)
                  2001127e    0000001a                 : spi.obj (.text:SPIFIFOEnable)
                  20011298    0000001a                 : spi.obj (.text:SPIIntUnregister)
                  200112b2    00000018                 : gpio.obj (.text:GPIOPinRead)
                  200112ca    00000018                 : i2c.obj (.text:I2CMasterIntEnableEx)
                  200112e2    00000018                 : spi.obj (.text:SPICSDisable)
                  200112fa    00000018                 : spi.obj (.text:SPICSEnable)
                  20011312    00000018                 : spi.obj (.text:SPIDisable)
                  2001132a    00000018                 : spi.obj (.text:SPIEnable)
                  20011342    00000002     --HOLE-- [fill = 0]
                  20011344    00000018                 : systick.obj (.text:SysTickPeriodSet)
                  2001135c    00000018                 : uart.obj (.text:UARTCharsAvail)
                  20011374    00000018     simplelink.a : nonos.obj (.text:_SlNonOsSemSet)
                  2001138c    00000018     rtsv7M4_T_le_eabi.lib : snprintf.c.obj (.text:_outc)
                  200113a4    00000018                           : vsnprintf.c.obj (.text:_outc)
                  200113bc    00000018                           : sprintf.c.obj (.text:_outs)
                  200113d4    00000018     simplelink.a : device.obj (.text:_sl_GetStartResponseConvert)
                  200113ec    00000018     rtsv7M4_T_le_eabi.lib : ll_mul_t2.asm.obj (.text)
                  20011404    00000018                           : strcmp.c.obj (.text:strcmp)
                  2001141c    00000016     driverlib.a : i2c.obj (.text:I2CMasterDataPut)
                  20011432    00000016                 : i2c.obj (.text:I2CMasterEnable)
                  20011448    00000016                 : i2c.obj (.text:I2CMasterIntClear)
                  2001145e    00000016                 : prcm.obj (.text:PRCMHIBRegRead)
                  20011474    00000016                 : prcm.obj (.text:PRCMHIBRegWrite)
                  2001148a    00000016     simplelink.a : driver.obj (.text:_SlDrvMemZero)
                  200114a0    00000016     rtsv7M4_T_le_eabi.lib : strchr.c.obj (.text:strchr)
                  200114b6    00000014     driverlib.a : cpu.obj (.text:CPUcpsie)
                  200114ca    00000014                 : gpio.obj (.text:GPIOIntClear)
                  200114de    00000002     --HOLE-- [fill = 0]
                  200114e0    00000014                 : interrupt.obj (.text:IntVTableBaseSet)
                  200114f4    00000014     rtsv7M4_T_le_eabi.lib : strcpy.c.obj (.text:strcpy)
                  20011508    00000014                           : strlen.c.obj (.text:strlen)
                  2001151c    00000012     driverlib.a : i2c.obj (.text:I2CMasterControl)
                  2001152e    00000012                 : i2c.obj (.text:I2CMasterTimeoutSet)
                  20011540    00000012     rtsv7M4_T_le_eabi.lib : wcslen.c.obj (.text:wcslen)
                  20011552    00000002     --HOLE-- [fill = 0]
                  20011554    00000010     driverlib.a : systick.obj (.text:SysTickDisable)
                  20011564    00000010                 : systick.obj (.text:SysTickEnable)
                  20011574    00000010                 : systick.obj (.text:SysTickIntEnable)
                  20011584    00000010     simplelink.a : driver.obj (.text:_SlDrvDispatchHttpServerEvents)
                  20011594    0000000e     driverlib.a : i2c.obj (.text:I2CMasterDataGet)
                  200115a2    0000000e     simplelink.a : driver.obj (.text:_SlDrvResetCmdExt)
                  200115b0    0000000e     rtsv7M4_T_le_eabi.lib : time.c.obj (.text:__time32)
                  200115be    0000000e                           : copy_decompress_none.c.obj (.text:decompress:none:__TI_decompress_none)
                  200115cc    0000000c     simplelink.a : cc_pal.obj (.text:NwpMaskInterrupt)
                  200115d8    0000000c                  : cc_pal.obj (.text:NwpUnMaskInterrupt)
                  200115e4    0000000c     driverlib.a : systick.obj (.text:SysTickValueGet)
                  200115f0    0000000c     rtsv7M4_T_le_eabi.lib : s_copysign.c.obj (.text:copysign)
                  200115fc    0000000c                           : copy_zero_init.c.obj (.text:decompress:ZI:__TI_zero_init)
                  20011608    0000000a     driverlib.a : interrupt.obj (.text:IntMasterEnable)
                  20011612    0000000a     rtsv7M4_T_le_eabi.lib : sprintf.c.obj (.text:_outc)
                  2001161c    00000008                           : errno.c.obj (.text:__aeabi_errno_addr)
                  20011624    00000008                           : memory.c.obj (.text:malloc)
                  2001162c    00000006     driverlib.a : utils.obj (.text:UtilsDelay)
                  20011632    00000004     rtsv7M4_T_le_eabi.lib : fprintf.c.obj (.text:_outc)
                  20011636    00000004                           : fprintf.c.obj (.text:_outs)
                  2001163a    00000004                           : pre_init.c.obj (.text:_system_pre_init)
                  2001163e    00000004                           : exit.c.obj (.text:abort:abort)

.const     0    20011644    00000ad0     
                  20011644    000004fb     Adafruit_GFX.obj (.const:.string:font)
                  20011b3f    00000101     rtsv7M4_T_le_eabi.lib : ctype.c.obj (.const:.string:_ctypes_)
                  20011c40    00000100     driverlib.a : pin.obj (.const:g_ulPinToPadMap)
                  20011d40    000000d4                 : interrupt.obj (.const:g_pulRegs)
                  20011e14    000000a8                 : prcm.obj (.const:PRCM_PeriphRegsList)
                  20011ebc    0000003c     simplelink.a : driver.obj (.const:OpcodeTranslateTable)
                  20011ef8    00000038                  : driver.obj (.const:_SlActionLookupTable)
                  20011f30    0000002c     network_utils.obj (.const:$P$T1$2)
                  20011f5c    00000024     driverlib.a : spi.obj (.const:g_ppulSPIIntMap)
                  20011f80    00000022     network_utils.obj (.const:.string:$P$T0$1)
                  20011fa2    00000002     --HOLE-- [fill = 0]
                  20011fa4    00000020     simplelink.a : driver.obj (.const:RxMsgClassLUT)
                  20011fc4    00000018     driverlib.a : interrupt.obj (.const:g_pulDisRegs)
                  20011fdc    00000018                 : interrupt.obj (.const:g_pulEnRegs)
                  20011ff4    00000018                 : interrupt.obj (.const:g_pulUnpendRegs)
                  2001200c    00000018                 : spi.obj (.const:g_ulSPIDmaMaskMap)
                  20012024    00000014     simplelink.a : driver.obj (.const:$P$T0$1)
                  20012038    00000014                  : nonos.obj (.const:$P$T0$1)
                  2001204c    00000014     network_utils.obj (.const:$P$T2$3)
                  20012060    00000010     simplelink.a : socket.obj (.const:.string:_SlPayloadByProtocolLUT)
                  20012070    0000000c     main.obj (.const:$P$T2$3)
                  2001207c    0000000c     network_utils.obj (.const:$P$T4$5)
                  20012088    0000000c     network_utils.obj (.const:.string:$P$T3$4)
                  20012094    0000000a     main.obj (.const:.string:$P$T1$2)
                  2001209e    00000009     main.obj (.const:.string:$P$T0$1)
                  200120a7    00000008     simplelink.a : device.obj (.const:StartResponseLUT)
                  200120af    00000001     --HOLE-- [fill = 0]
                  200120b0    00000008                  : driver.obj (.const:g_H2NCnysPattern)
                  200120b8    00000008                  : driver.obj (.const:g_H2NSyncPattern)
                  200120c0    00000004                  : wlan.obj (.const:$P$T0$1)
                  200120c4    00000004                  : socket.obj (.const:$P$T2$3)
                  200120c8    00000004                  : device.obj (.const:_SlDeviceGetCmdCtrl)
                  200120cc    00000004                  : device.obj (.const:_SlDeviceSetCmdCtrl)
                  200120d0    00000004                  : netapp.obj (.const:_SlGetHostByNameCtrl)
                  200120d4    00000004                  : netapp.obj (.const:_SlNetAppSendTokenValueCmdCtrl)
                  200120d8    00000004                  : netcfg.obj (.const:_SlNetCfgSetCmdCtrl)
                  200120dc    00000004                  : wlan.obj (.const:_SlPolicySetCmdCtrl)
                  200120e0    00000004                  : wlan.obj (.const:_SlProfileDelCmdCtrl)
                  200120e4    00000004                  : socket.obj (.const:_SlRecvCmdCtrl)
                  200120e8    00000004                  : netapp.obj (.const:_SlRegisterServiceCtrl)
                  200120ec    00000004                  : wlan.obj (.const:_SlRxFilterSetCmdCtrl)
                  200120f0    00000004                  : socket.obj (.const:_SlSendCmdCtrl)
                  200120f4    00000004                  : socket.obj (.const:_SlSetSockOptCmdCtrl)
                  200120f8    00000004                  : socket.obj (.const:_SlSockCloseCmdCtrl)
                  200120fc    00000004                  : socket.obj (.const:_SlSockSocketCmdCtrl)
                  20012100    00000004                  : device.obj (.const:_SlStopCmdCtrl)
                  20012104    00000004                  : wlan.obj (.const:_SlWlanCfgSetCmdCtrl)
                  20012108    00000004                  : wlan.obj (.const:_SlWlanSetModeCmdCtrl)
                  2001210c    00000004                  : driver.obj (.const:httpServer_callbacks)
                  20012110    00000004                  : driver.obj (.const:netApp_callbacks)

.cinit     0    20012118    00000140     
                  20012118    0000011a     (.cinit..data.load) [load image, compression = lzss]
                  20012232    00000002     --HOLE-- [fill = 0]
                  20012234    0000000c     (__TI_handler_table)
                  20012240    00000008     (.cinit..bss.load) [load image, compression = zero_init]
                  20012248    00000010     (__TI_cinit_table)

.sysmem    0    20017000    00008000     UNINITIALIZED
                  20017000    00000010     rtsv7M4_T_le_eabi.lib : memory.c.obj (.sysmem)
                  20017010    00007ff0     --HOLE--

.data      0    2001f000    00000964     UNINITIALIZED
                  2001f000    000000f0     rtsv7M4_T_le_eabi.lib : defs.c.obj (.data:_ftable)
                  2001f0f0    00000090     main.obj (.data:eight)
                  2001f180    00000090     main.obj (.data:five)
                  2001f210    00000090     main.obj (.data:four)
                  2001f2a0    00000090     main.obj (.data:last)
                  2001f330    00000090     main.obj (.data:mute)
                  2001f3c0    00000090     main.obj (.data:nine)
                  2001f450    00000090     main.obj (.data:one)
                  2001f4e0    00000090     main.obj (.data:seven)
                  2001f570    00000090     main.obj (.data:six)
                  2001f600    00000090     main.obj (.data:three)
                  2001f690    00000090     main.obj (.data:two)
                  2001f720    00000090     main.obj (.data:zero)
                  2001f7b0    00000078     rtsv7M4_T_le_eabi.lib : host_device.c.obj (.data:_device)
                  2001f828    00000050                           : host_device.c.obj (.data:_stream)
                  2001f878    0000003c     simplelink.a : nonos.obj (.data:g__SlNonOsCB)
                  2001f8b4    00000023     main.obj (.data)
                  2001f8d7    00000001     --HOLE--
                  2001f8d8    00000015     Adafruit_GFX.obj (.data)
                  2001f8ed    00000003     --HOLE--
                  2001f8f0    00000014     main.obj (.data:ulReg)
                  2001f904    00000010     rtsv7M4_T_le_eabi.lib : defs.c.obj (.data)
                  2001f914    0000000d     simplelink.a : driver.obj (.data)
                  2001f921    00000003     --HOLE--
                  2001f924    0000000c     rtsv7M4_T_le_eabi.lib : exit.c.obj (.data:$O1$$)
                  2001f930    0000000c     network_utils.obj (.data)
                  2001f93c    00000009     simplelink.a : cc_pal.obj (.data)
                  2001f945    00000003     --HOLE--
                  2001f948    00000008     rtsv7M4_T_le_eabi.lib : _lock.c.obj (.data:$O1$$)
                  2001f950    00000008                           : memory.c.obj (.data:$O1$$)
                  2001f958    00000004                           : errno.c.obj (.data)
                  2001f95c    00000004                           : rand.c.obj (.data)
                  2001f960    00000004     simplelink.a : driver.obj (.data:wlan_callbacks)

.bss       0    2001f968    000006fe     UNINITIALIZED
                  2001f968    00000168     simplelink.a : driver.obj (.bss:g_StatMem)
                  2001fad0    00000120     rtsv7M4_T_le_eabi.lib : trgmsg.c.obj (.bss:_CIOBUF_)
                  2001fbf0    00000100     (.common:rdDataBufX)
                  2001fcf0    00000100     (.common:rdDataBufY)
                  2001fdf0    000000a0     (.common:__TI_tmpnams)
                  2001fe90    00000090     (.common:currentButton)
                  2001ff20    00000064     (.common:bufferToSend)
                  2001ff84    00000050     (.common:g_ucDinDout)
                  2001ffd4    0000002c     (.common:g_time)
                  20020000    00000024     (.common:g_ucConnectionSSID)
                  20020024    00000008     (.common:g_app_config)
                  2002002c    00000008     (.common:g_ucConnectionBSSID)
                  20020034    00000008     (.common:parmbuf)
                  2002003c    00000004     uart_if.obj (.bss)
                  20020040    00000008     (.common:ulsystick_delta_us)
                  20020048    00000004     (.common:decodingIndex)
                  2002004c    00000004     (.common:g_Host)
                  20020050    00000004     (.common:g_port)
                  20020054    00000004     (.common:playerScore)
                  20020058    00000004     (.common:systickexpired)
                  2002005c    00000004     (.common:userTyping)
                  20020060    00000001     (.common:RxIrqCnt)
                  20020061    00000001     (.common:g_bDeviceRestartIsRequired)
                  20020062    00000001     (.common:g_cDummy)
                  20020063    00000001     (.common:g_ucLED1Pin)
                  20020064    00000001     (.common:g_ucLED2Pin)
                  20020065    00000001     (.common:g_ucLED3Pin)

.stack     0    2002f000    00001000     UNINITIALIZED
                  2002f000    00000004     rtsv7M4_T_le_eabi.lib : boot_cortex_m.c.obj (.stack)
                  2002f004    00000ffc     --HOLE--

__llvm_prf_cnts 
*          0    20017000    00000000     UNINITIALIZED

MODULE SUMMARY

       Module                       code    ro data   rw data
       ------                       ----    -------   -------
    .\
       main.obj                     11716   1055      2566   
       Adafruit_GFX.obj             2708    1275      21     
       Adafruit_OLED.obj            1194    0         0      
       i2c_if.obj                   672     0         0      
       uart_if.obj                  636     0         4      
       pin_mux_config.obj           308     0         0      
    +--+----------------------------+-------+---------+---------+
       Total:                       17234   2330      2591   
                                                             
    .\utils\
       network_utils.obj            3792    122       116    
    +--+----------------------------+-------+---------+---------+
       Total:                       3792    122       116    
                                                             
    C:/TI/CC3200SDK_1.5.0/cc3200-sdk/driverlib/ccs/Release/driverlib.a
       prcm.obj                     852     168       0      
       spi.obj                      860     60        0      
       interrupt.obj                608     284       0      
       udma.obj                     604     0         0      
       pin.obj                      328     256       0      
       gpio.obj                     448     0         0      
       i2c.obj                      380     0         0      
       uart.obj                     284     0         0      
       timer.obj                    210     0         0      
       systick.obj                  112     0         0      
       cpu.obj                      20      0         0      
       utils.obj                    6       0         0      
    +--+----------------------------+-------+---------+---------+
       Total:                       4712    768       0      
                                                             
    C:/TI/CC3200SDK_1.5.0/cc3200-sdk/simplelink/ccs/NON_OS/simplelink.a
       driver.obj                   7906    192       379    
       cc_pal.obj                   1820    0         90     
       socket.obj                   1830    40        0      
       netapp.obj                   1572    12        0      
       wlan.obj                     1316    24        0      
       device.obj                   1230    20        0      
       nonos.obj                    416     20        60     
       netcfg.obj                   152     4         0      
    +--+----------------------------+-------+---------+---------+
       Total:                       16242   312       529    
                                                             
    C:\TI\ccs1260\ccs\tools\compiler\ti-cgt-arm_20.2.7.LTS\lib\rtsv7M4_T_le_eabi.lib
       _printfi.c.obj               4835    0         0      
       memory.c.obj                 900     0         8      
       fd_add_t2.asm.obj            438     0         0      
       defs.c.obj                   0       0         416    
       trgmsg.c.obj                 108     0         288    
       fd_div_t2.asm.obj            310     0         0      
       fputs.c.obj                  276     0         0      
       fd_cmp_t2.asm.obj            268     0         0      
       ctype.c.obj                  0       257       0      
       fd_mul_t2.asm.obj            252     0         0      
       setvbuf.c.obj                220     0         0      
       s_scalbn.c.obj               208     0         0      
       host_device.c.obj            0       0         200    
       memcpy_t2.asm.obj            156     0         0      
       ull_div_t2.asm.obj           150     0         0      
       snprintf.c.obj               148     0         0      
       fs_div_t2.asm.obj            146     0         0      
       fputc.c.obj                  140     0         0      
       vsnprintf.c.obj              136     0         0      
       fs_mul_t2.asm.obj            122     0         0      
       memset_t2.asm.obj            122     0         0      
       fclose.c.obj                 116     0         0      
       getdevice.c.obj              116     0         0      
       fprintf.c.obj                108     0         0      
       hostrename.c.obj             108     0         0      
       copy_decompress_lzss.c.obj   104     0         0      
       hostlseek.c.obj              104     0         0      
       hostopen.c.obj               96      0         8      
       fseek.c.obj                  100     0         0      
       _io_perm.c.obj               98      0         0      
       sprintf.c.obj                98      0         0      
       close.c.obj                  92      0         0      
       rand.c.obj                   88      0         4      
       s_frexp.c.obj                92      0         0      
       exit.c.obj                   76      0         12     
       hostread.c.obj               88      0         0      
       hostwrite.c.obj              88      0         0      
       _ltoa.c.obj                  84      0         0      
       atoi.c.obj                   76      0         0      
       fflush.c.obj                 76      0         0      
       fd_toi_t2.asm.obj            72      0         0      
       hosttime.c.obj               72      0         0      
       autoinit.c.obj               68      0         0      
       hostclose.c.obj              68      0         0      
       hostunlink.c.obj             68      0         0      
       fs_toi_t2.asm.obj            56      0         0      
       i_tofs_t2.asm.obj            56      0         0      
       strncpy.c.obj                54      0         0      
       fopen.c.obj                  52      0         0      
       i_tofd_t2.asm.obj            46      0         0      
       unlink.c.obj                 44      0         0      
       lseek.c.obj                  40      0         0      
       memmov.c.obj                 40      0         0      
       write.c.obj                  40      0         0      
       boot_cortex_m.c.obj          36      0         0      
       memchr.c.obj                 32      0         0      
       memccpy.c.obj                28      0         0      
       ll_mul_t2.asm.obj            24      0         0      
       strcmp.c.obj                 24      0         0      
       strchr.c.obj                 22      0         0      
       strcpy.c.obj                 20      0         0      
       strlen.c.obj                 20      0         0      
       wcslen.c.obj                 18      0         0      
       copy_decompress_none.c.obj   14      0         0      
       time.c.obj                   14      0         0      
       copy_zero_init.c.obj         12      0         0      
       errno.c.obj                  8       0         4      
       s_copysign.c.obj             12      0         0      
       _lock.c.obj                  2       0         8      
       pre_init.c.obj               4       0         0      
       div0.asm.obj                 2       0         0      
    +--+----------------------------+-------+---------+---------+
       Total:                       11811   257       948    
                                                             
       Heap:                        0       0         32768  
       Stack:                       0       0         4096   
       Linker Generated:            0       318       0      
    +--+----------------------------+-------+---------+---------+
       Grand Total:                 53791   4107      41048  


LINKER GENERATED COPY TABLES

__TI_cinit_table @ 20012248 records: 2, size/record: 8, table size: 16
	.data: load addr=20012118, load size=0000011a bytes, run addr=2001f000, run size=00000964 bytes, compression=lzss
	.bss: load addr=20012240, load size=00000008 bytes, run addr=2001f968, run size=000006fe bytes, compression=zero_init


LINKER GENERATED HANDLER TABLE

__TI_handler_table @ 20012234 records: 3, size/record: 4, table size: 12
	index: 0, handler: __TI_decompress_lzss
	index: 1, handler: __TI_decompress_none
	index: 2, handler: __TI_zero_init


GLOBAL SYMBOLS: SORTED ALPHABETICALLY BY Name 

address   name                                  
-------   ----                                  
20009b9d  Adafruit_Init                         
2001163f  C$$EXIT                               
200107f3  C$$IO$$                               
200114b7  CPUcpsie                              
2000a515  ClearTerm                             
20009d17  Color565                              
20010df9  DmaSpiSwIntHandler                    
2000a51f  Error                                 
200108a5  GPIODirModeSet                        
200114cb  GPIOIntClear                          
200111c9  GPIOIntDisable                        
200111e3  GPIOIntEnable                         
20011035  GPIOIntRegister                       
20010ead  GPIOIntStatus                         
2000ece5  GPIOIntTypeSet                        
200112b3  GPIOPinRead                           
20010f35  GPIOPinWrite                          
200046d1  GPIO_IF_ConfigureNIntEnable           
20004765  GPIO_IF_Get                           
2000468b  GPIO_IF_GetPortNPin                   
2000444b  GPIO_IF_LedConfigure                  
2000453f  GPIO_IF_LedOff                        
20004489  GPIO_IF_LedOn                         
200045f3  GPIO_IF_LedStatus                     
2000465d  GPIO_IF_LedToggle                     
20004721  GPIO_IF_Set                           
2000a557  GetCmd                                
200101bd  HOSTclose                             
2000f3d9  HOSTlseek                             
2000f7c9  HOSTopen                              
2000fa01  HOSTread                              
2000f295  HOSTrename                            
20010055  HOSTtime                              
20010201  HOSTunlink                            
2000fa59  HOSTwrite                             
20005555  HandlerConfig                         
2001151d  I2CMasterControl                      
20011595  I2CMasterDataGet                      
2001141d  I2CMasterDataPut                      
20011433  I2CMasterEnable                       
20010b33  I2CMasterErr                          
2000ebdd  I2CMasterInitExpClk                   
20011449  I2CMasterIntClear                     
200112cb  I2CMasterIntEnableEx                  
20011053  I2CMasterIntStatusEx                  
20010ecf  I2CMasterSlaveAddrSet                 
2001152f  I2CMasterTimeoutSet                   
2000a23f  I2C_IF_Close                          
2000a1e3  I2C_IF_Open                           
2000a0e1  I2C_IF_Read                           
2000a19d  I2C_IF_ReadFrom                       
2000a031  I2C_IF_Write                          
2000a4d5  InitTerm                              
2000dc2d  IntDisable                            
2000dcd5  IntEnable                             
20011609  IntMasterEnable                       
2000fab1  IntPendClear                          
2000fbb9  IntPrioritySet                        
20010f55  IntRegister                           
20010e1d  IntUnregister                         
200114e1  IntVTableBaseSet                      
2000a4f3  Message                               
200115cd  NwpMaskInterrupt                      
2001078d  NwpPowerOff                           
20010b61  NwpPowerOn                            
20010f75  NwpPrePowerOffTimout0                 
200105e5  NwpRegisterInterruptHandler           
200115d9  NwpUnMaskInterrupt                    
20011ebc  OpcodeTranslateTable                  
20008a3f  Outstr                                
2000b9a5  PRCMCC3200MCUInit                     
2001145f  PRCMHIBRegRead                        
20011475  PRCMHIBRegWrite                       
20010c91  PRCMPeripheralClkDisable              
2001069d  PRCMPeripheralClkEnable               
2000e429  PRCMPeripheralClockGet                
2000fb09  PRCMPeripheralReset                   
20010911  PRCMPeripheralStatusGet               
20010b8d  PRCMSysResetCauseGet                  
2000ea49  PinConfigSet                          
20010465  PinModeSet                            
2000c421  PinMuxConfig                          
20010a15  PinTypeGPIO                           
200110e9  PinTypeI2C                            
200111fd  PinTypeSPI                            
20011217  PinTypeUART                           
2000a695  Report                                
200047d3  ResetISR                              
20020060  RxIrqCnt                              
200112e3  SPICSDisable                          
200112fb  SPICSEnable                           
2000de21  SPIConfigSetExpClk                    
20010f95  SPIDataGet                            
20011071  SPIDataPut                            
20011313  SPIDisable                            
20011231  SPIDmaDisable                         
2001124b  SPIDmaEnable                          
2001132b  SPIEnable                             
20011265  SPIFIFODisable                        
2001127f  SPIFIFOEnable                         
20010945  SPIFIFOLevelSet                       
2001009d  SPIIntClear                           
2000fdad  SPIIntEnable                          
20011299  SPIIntUnregister                      
20010ef1  SPIReset                              
20010f13  SPIWordCountSet                       
20007399  SimpleLinkGeneralEventHandler         
20007375  SimpleLinkHttpServerCallback          
200072d3  SimpleLinkNetAppEventHandler          
200073b9  SimpleLinkSockEventHandler            
200071c5  SimpleLinkWlanEventHandler            
20005509  SpiConfig                             
20011555  SysTickDisable                        
20011565  SysTickEnable                         
20011575  SysTickIntEnable                      
20011105  SysTickIntRegister                    
20011345  SysTickPeriodSet                      
200115e5  SysTickValueGet                       
20010289  TimerConfigure                        
2001108f  TimerEnable                           
20010fb5  TimerGetCurrentTimestamp              
20010c3d  TimerLoadSet                          
20010c67  TimerPrescaleSet                      
20011121  TimerValueGet                         
2000a5fd  TrimSpace                             
2001113d  UARTCharGetNonBlocking                
200110ad  UARTCharPut                           
2001135d  UARTCharsAvail                        
2000f055  UARTConfigSetExpClk                   
20010a45  UARTDisable                           
20010e41  UARTEnable                            
2001162d  UtilsDelay                            
20011ef8  _SlActionLookupTable                  
2000dd7d  _SlDriverHandleError                  
200100e5  _SlDrvBasicCmd                        
2000da09  _SlDrvCmdOp                           
2000f301  _SlDrvCmdSend                         
2000ac01  _SlDrvDataReadOp                      
2000bc8d  _SlDrvDataWriteOp                     
2000dffd  _SlDrvDeviceEventHandler              
20011585  _SlDrvDispatchHttpServerEvents        
2000c689  _SlDrvDriverCBDeinit                  
2000b339  _SlDrvDriverCBInit                    
20010cb9  _SlDrvGlobalObjUnLock                 
200102cd  _SlDrvHandleHttpServerEvents          
200104a5  _SlDrvHandleNetAppEvents              
200104e5  _SlDrvHandleWlanEvents                
2000e819  _SlDrvIsTimeoutExpired                
2001148b  _SlDrvMemZero                         
2000d191  _SlDrvMsgReadSpawnCtx                 
2000c9ed  _SlDrvNetAppEventHandler              
20010dd1  _SlDrvObjLockWaitForever              
20010fd5  _SlDrvObjUnLock                       
2000fe45  _SlDrvProtectAsyncRespSetting         
20010be5  _SlDrvProtectionObjLockWaitForever    
20010ce1  _SlDrvProtectionObjUnLock             
2000ade5  _SlDrvReleasePoolObj                  
200115a3  _SlDrvResetCmdExt                     
2000fc0d  _SlDrvRxIrqHandler                    
20011159  _SlDrvStartMeasureTimeout             
20010ff5  _SlDrvSyncObjSignal                   
20010d09  _SlDrvSyncObjWaitForever              
20010311  _SlDrvSyncObjWaitTimeout              
2000b689  _SlDrvWaitForPoolObj                  
200120d4  _SlNetAppSendTokenValueCmdCtrl        
2000f0cd  _SlNonOsMainLoopTask                  
2000db7d  _SlNonOsSemGet                        
20011375  _SlNonOsSemSet                        
2000f4a9  _SlNonOsSpawn                         
2001fad0  __CIOBUF_                             
20030000  __STACK_END                           
00001000  __STACK_SIZE                          
00008000  __SYSMEM_SIZE                         
20012248  __TI_CINIT_Base                       
20012258  __TI_CINIT_Limit                      
20012234  __TI_Handler_Table_Base               
20012240  __TI_Handler_Table_Limit              
20010355  __TI_auto_init_nobinit_nopinit        
20010979  __TI_cleanup                          
2001f924  __TI_cleanup_ptr                      
2000f141  __TI_closefile                        
2000f441  __TI_decompress_lzss                  
200115bf  __TI_decompress_none                  
2000fe91  __TI_doflush                          
2001f928  __TI_dtors_ptr                        
2001f92c  __TI_enable_exit_profile_output       
2001f904  __TI_ft_end                           
2000fc61  __TI_ltoa                             
ffffffff  __TI_pprof_out_hndl                   
20008b29  __TI_printfi                          
ffffffff  __TI_prof_data_size                   
ffffffff  __TI_prof_data_start                  
200109ad  __TI_readmsg                          
20012118  __TI_static_base__                    
2001fdf0  __TI_tmpnams                          
200107c5  __TI_writemsg                         
2000f765  __TI_wrt_ok                           
200115fd  __TI_zero_init                        
2000ead1  __aeabi_cdcmpeq                       
2000ead1  __aeabi_cdcmple                       
2000eb57  __aeabi_cdrcmple                      
20010175  __aeabi_d2iz                          
2000b18b  __aeabi_dadd                          
2000c2e9  __aeabi_ddiv                          
2000cbf1  __aeabi_dmul                          
2000b181  __aeabi_dsub                          
2001161d  __aeabi_errno_addr                    
200107fd  __aeabi_f2iz                          
2000e4bd  __aeabi_fdiv                          
2000eee9  __aeabi_fmul                          
20010b05  __aeabi_i2d                           
20010835  __aeabi_i2f                           
2000b337  __aeabi_idiv0                         
2000b337  __aeabi_ldiv0                         
200113ed  __aeabi_lmul                          
2000ef63  __aeabi_memclr                        
2000ef63  __aeabi_memclr4                       
2000ef63  __aeabi_memclr8                       
2000df61  __aeabi_memcpy                        
2000df61  __aeabi_memcpy4                       
2000df61  __aeabi_memcpy8                       
2000ef65  __aeabi_memset                        
2000ef65  __aeabi_memset4                       
2000ef65  __aeabi_memset8                       
2001f910  __aeabi_stderr                        
2001f908  __aeabi_stdin                         
2001f90c  __aeabi_stdout                        
2000e391  __aeabi_uldivmod                      
ffffffff  __binit__                             
ffffffff  __c_args__                            
UNDEFED   __mpu_init                            
2002f000  __stack                               
20017000  __start___llvm_prf_cnts               
20017000  __stop___llvm_prf_cnts                
200115b1  __time32                              
20010e65  _c_int00_noargs                       
20011b3f  _ctypes_                              
2001f7b0  _device                               
2001f000  _ftable                               
2001f948  _lock                                 
20009fb3  _nop                                  
2000f50d  _sl_HandleAsync_Accept                
2000ed69  _sl_HandleAsync_Connect               
2000e551  _sl_HandleAsync_DnsGetHostByName      
2000d7ad  _sl_HandleAsync_DnsGetHostByService   
2000e8a5  _sl_HandleAsync_InitComplete          
2000e5e1  _sl_HandleAsync_PingResponse          
2000fcb5  _sl_HandleAsync_Select                
2000fd5d  _sl_HandleAsync_Stop                  
2000f36d  _sl_NetAppSendTokenValue              
2001f828  _stream                               
20017000  _sys_memory                           
UNDEFED   _system_post_cinit                    
2001163b  _system_pre_init                      
2001f94c  _unlock                               
2001163f  abort                                 
200056dd  accelCarMinigame                      
20004909  addTextToJSON                         
20004bb1  addToBufferChar                       
2000caf1  aligned_alloc                         
200048bd  arraysEqual                           
2000ff29  atoi                                  
ffffffff  binit                                 
2001f8c8  bufferIndex                           
2001ff20  bufferToSend                          
2001f8c0  buttonpresses                         
20005639  calculateDelta                        
2000f949  close                                 
20007d6d  connectToAccessPoint                  
200115f1  copysign                              
200115f1  copysignl                             
20006a65  createControllerLogo                  
2001fe90  currentButton                         
2001f8c4  currentCharacter                      
2001f8d8  cursor_x                              
2001f8dc  cursor_y                              
20020048  decodingIndex                         
20004877  displayToSendMessageChar              
2001f8d0  displayToSendMessageIndex             
20005675  drawBall                              
200088f3  drawChar                              
20008095  drawCircle                            
200081c9  drawCircleHelper                      
20009ebd  drawFastHLine                         
20009e21  drawFastVLine                         
2000840f  drawLine                              
20009f59  drawPixel                             
200084fb  drawRect                              
20008549  drawRoundRect                         
200086b1  drawTriangle                          
2001f8d4  dvcAdr                                
2001f8d5  dvcRegOffSetX                         
2001f8d6  dvcRegOffSetY                         
2001f0f0  eight                                 
2000569d  eraseBall                             
2001f958  errno                                 
2001012d  exit                                  
200082e7  fillCircle                            
20008321  fillCircleHelper                      
20009d6f  fillRect                              
20008637  fillRoundRect                         
20009d59  fillScreen                            
200086f3  fillTriangle                          
20010ad5  finddevice                            
2001f180  five                                  
2001f210  four                                  
2000f571  fprintf                               
2000e931  fputc                                 
2000c8d9  fputs                                 
2000d279  free                                  
2000f9a5  frexp                                 
2000f9a5  frexpl                                
2000f5d5  fseek                                 
2002004c  g_Host                                
2001f914  g_SlDeviceStatus                      
2001f93c  g_SpiFd                               
2001f878  g__SlNonOsCB                          
20020024  g_app_config                          
20020061  g_bDeviceRestartIsRequired            
20020062  g_cDummy                              
2001f918  g_pCB                                 
2001f940  g_pHostIntHdl                         
20004000  g_pfnVectors                          
20020050  g_port                                
2001ffd4  g_time                                
2002002c  g_ucConnectionBSSID                   
20020000  g_ucConnectionSSID                    
2001f944  g_ucDMAEnabled                        
2001ff84  g_ucDinDout                           
20020063  g_ucLED1Pin                           
20020064  g_ucLED2Pin                           
20020065  g_ucLED3Pin                           
2001f8b4  g_uiLED1Port                          
2001f8b8  g_uiLED2Port                          
2001f8bc  g_uiLED3Port                          
2001f938  g_ulGatewayIP                         
2001f934  g_ulPingPacketsRecv                   
2001f930  g_ulStatus                            
200055f7  generateRandomNumber                  
200103dd  getdevice                             
20009cd3  goTo                                  
20008b07  height                                
20006dc7  initMainMenu                          
20009f97  invert                                
2001f2a0  last                                  
2000d6dd  ldexp                                 
2000d6dd  ldexpl                                
20006961  leaderBoardSubmission                 
20010d59  lseek                                 
200070a5  main                                  
20011625  malloc                                
2000caf1  memalign                              
20011191  memccpy                               
20011015  memchr                                
2000df61  memcpy                                
20010d81  memmove                               
20005b99  memoryGame                            
2000ef6b  memset                                
2001f330  mute                                  
2001f3c0  nine                                  
2001f450  one                                   
2001f91c  pPingCallBackFunc                     
20020034  parmbuf                               
20005879  passwordMinigame                      
20020054  playerScore                           
2000e931  putc                                  
200109e1  rand                                  
2001fbf0  rdDataBufX                            
2001fcf0  rdDataBufY                            
2000d35d  realloc                               
20010c11  remove                                
2000d6dd  scalbn                                
2000d6dd  scalbnl                               
200055ad  seedRandomGenerator                   
2001f8cc  sendBufferHeight                      
20004b59  sendEmail                             
20008a8b  setCursor                             
20008ad7  setTextColor                          
20008ac3  setTextColorTransparent               
20008aa3  setTextSize                           
20008aef  setTextWrap                           
2000d601  setvbuf                               
2001f4e0  seven                                 
200106d9  simplelink_timerA2_start              
2001f570  six                                   
2000f829  sl_Close                              
2000b819  sl_Connect                            
2000d879  sl_DevGet                             
2000e099  sl_DevSet                             
20010421  sl_Htonl                              
20010715  sl_Htons                              
2000c069  sl_NetAppDnsGetHostByName             
2000d441  sl_NetAppMDNSRegisterUnregisterService
2000f639  sl_NetAppMDNSUnRegisterService        
2000e131  sl_NetCfgSet                          
200047ad  sl_Provisioning_HttpServerEventHdl    
200047bb  sl_Provisioning_NetAppEventHdl        
200047c7  sl_Provisioning_WlanEventHdl          
2000dec1  sl_Recv                               
2000c555  sl_Send                               
2000e1c9  sl_SetSockOpt                         
2000e9bd  sl_Socket                             
2000cfbd  sl_Start                              
2000cced  sl_Stop                               
2000a255  sl_WlanConnect                        
2001086d  sl_WlanDisconnect                     
2000e671  sl_WlanPolicySet                      
2000f889  sl_WlanProfileDel                     
2000ec61  sl_WlanRxFilterSet                    
2000e261  sl_WlanSet                            
2000f8e9  sl_WlanSetMode                        
2000ff75  snprintf                              
2000efdd  spi_Close                             
2000bddd  spi_Open                              
2000cddd  spi_Read                              
2000e2f9  spi_Write                             
20010565  sprintf                               
20010e89  srand                                 
200114a1  strchr                                
20011405  strcmp                                
200114f5  strcpy                                
20011509  strlen                                
200108db  strncpy                               
20020058  systickexpired                        
2001f8e8  textbgcolor                           
2001f8e4  textcolor                             
2001f8e0  textsize                              
2001f600  three                                 
200115b1  time                                  
20007b8d  tls_connect                           
20006625  treasureHunt                          
2001f690  two                                   
2000ffc1  uDMAChannelAssign                     
2000f69d  uDMAChannelAttributeDisable           
2000f701  uDMAChannelAttributeEnable            
20010751  uDMAChannelControlSet                 
200111ad  uDMAChannelEnable                     
2000cecd  uDMAChannelTransferSet                
20020040  ulsystick_delta_us                    
20010c11  unlink                                
200055bb  updateScore                           
2002005c  userTyping                            
20006f4d  viewInstructions                      
200105a5  vsnprintf                             
20011541  wcslen                                
20008b03  width                                 
2001f8ec  wrap                                  
20010da9  write                                 
20009b09  writeCommand                          
20009b53  writeData                             
2001f720  zero                                  


GLOBAL SYMBOLS: SORTED BY Symbol Address 

address   name                                  
-------   ----                                  
00001000  __STACK_SIZE                          
00008000  __SYSMEM_SIZE                         
20004000  g_pfnVectors                          
2000444b  GPIO_IF_LedConfigure                  
20004489  GPIO_IF_LedOn                         
2000453f  GPIO_IF_LedOff                        
200045f3  GPIO_IF_LedStatus                     
2000465d  GPIO_IF_LedToggle                     
2000468b  GPIO_IF_GetPortNPin                   
200046d1  GPIO_IF_ConfigureNIntEnable           
20004721  GPIO_IF_Set                           
20004765  GPIO_IF_Get                           
200047ad  sl_Provisioning_HttpServerEventHdl    
200047bb  sl_Provisioning_NetAppEventHdl        
200047c7  sl_Provisioning_WlanEventHdl          
200047d3  ResetISR                              
20004877  displayToSendMessageChar              
200048bd  arraysEqual                           
20004909  addTextToJSON                         
20004b59  sendEmail                             
20004bb1  addToBufferChar                       
20005509  SpiConfig                             
20005555  HandlerConfig                         
200055ad  seedRandomGenerator                   
200055bb  updateScore                           
200055f7  generateRandomNumber                  
20005639  calculateDelta                        
20005675  drawBall                              
2000569d  eraseBall                             
200056dd  accelCarMinigame                      
20005879  passwordMinigame                      
20005b99  memoryGame                            
20006625  treasureHunt                          
20006961  leaderBoardSubmission                 
20006a65  createControllerLogo                  
20006dc7  initMainMenu                          
20006f4d  viewInstructions                      
200070a5  main                                  
200071c5  SimpleLinkWlanEventHandler            
200072d3  SimpleLinkNetAppEventHandler          
20007375  SimpleLinkHttpServerCallback          
20007399  SimpleLinkGeneralEventHandler         
200073b9  SimpleLinkSockEventHandler            
20007b8d  tls_connect                           
20007d6d  connectToAccessPoint                  
20008095  drawCircle                            
200081c9  drawCircleHelper                      
200082e7  fillCircle                            
20008321  fillCircleHelper                      
2000840f  drawLine                              
200084fb  drawRect                              
20008549  drawRoundRect                         
20008637  fillRoundRect                         
200086b1  drawTriangle                          
200086f3  fillTriangle                          
200088f3  drawChar                              
20008a3f  Outstr                                
20008a8b  setCursor                             
20008aa3  setTextSize                           
20008ac3  setTextColorTransparent               
20008ad7  setTextColor                          
20008aef  setTextWrap                           
20008b03  width                                 
20008b07  height                                
20008b29  __TI_printfi                          
20009b09  writeCommand                          
20009b53  writeData                             
20009b9d  Adafruit_Init                         
20009cd3  goTo                                  
20009d17  Color565                              
20009d59  fillScreen                            
20009d6f  fillRect                              
20009e21  drawFastVLine                         
20009ebd  drawFastHLine                         
20009f59  drawPixel                             
20009f97  invert                                
20009fb3  _nop                                  
2000a031  I2C_IF_Write                          
2000a0e1  I2C_IF_Read                           
2000a19d  I2C_IF_ReadFrom                       
2000a1e3  I2C_IF_Open                           
2000a23f  I2C_IF_Close                          
2000a255  sl_WlanConnect                        
2000a4d5  InitTerm                              
2000a4f3  Message                               
2000a515  ClearTerm                             
2000a51f  Error                                 
2000a557  GetCmd                                
2000a5fd  TrimSpace                             
2000a695  Report                                
2000ac01  _SlDrvDataReadOp                      
2000ade5  _SlDrvReleasePoolObj                  
2000b181  __aeabi_dsub                          
2000b18b  __aeabi_dadd                          
2000b337  __aeabi_idiv0                         
2000b337  __aeabi_ldiv0                         
2000b339  _SlDrvDriverCBInit                    
2000b689  _SlDrvWaitForPoolObj                  
2000b819  sl_Connect                            
2000b9a5  PRCMCC3200MCUInit                     
2000bc8d  _SlDrvDataWriteOp                     
2000bddd  spi_Open                              
2000c069  sl_NetAppDnsGetHostByName             
2000c2e9  __aeabi_ddiv                          
2000c421  PinMuxConfig                          
2000c555  sl_Send                               
2000c689  _SlDrvDriverCBDeinit                  
2000c8d9  fputs                                 
2000c9ed  _SlDrvNetAppEventHandler              
2000caf1  aligned_alloc                         
2000caf1  memalign                              
2000cbf1  __aeabi_dmul                          
2000cced  sl_Stop                               
2000cddd  spi_Read                              
2000cecd  uDMAChannelTransferSet                
2000cfbd  sl_Start                              
2000d191  _SlDrvMsgReadSpawnCtx                 
2000d279  free                                  
2000d35d  realloc                               
2000d441  sl_NetAppMDNSRegisterUnregisterService
2000d601  setvbuf                               
2000d6dd  ldexp                                 
2000d6dd  ldexpl                                
2000d6dd  scalbn                                
2000d6dd  scalbnl                               
2000d7ad  _sl_HandleAsync_DnsGetHostByService   
2000d879  sl_DevGet                             
2000da09  _SlDrvCmdOp                           
2000db7d  _SlNonOsSemGet                        
2000dc2d  IntDisable                            
2000dcd5  IntEnable                             
2000dd7d  _SlDriverHandleError                  
2000de21  SPIConfigSetExpClk                    
2000dec1  sl_Recv                               
2000df61  __aeabi_memcpy                        
2000df61  __aeabi_memcpy4                       
2000df61  __aeabi_memcpy8                       
2000df61  memcpy                                
2000dffd  _SlDrvDeviceEventHandler              
2000e099  sl_DevSet                             
2000e131  sl_NetCfgSet                          
2000e1c9  sl_SetSockOpt                         
2000e261  sl_WlanSet                            
2000e2f9  spi_Write                             
2000e391  __aeabi_uldivmod                      
2000e429  PRCMPeripheralClockGet                
2000e4bd  __aeabi_fdiv                          
2000e551  _sl_HandleAsync_DnsGetHostByName      
2000e5e1  _sl_HandleAsync_PingResponse          
2000e671  sl_WlanPolicySet                      
2000e819  _SlDrvIsTimeoutExpired                
2000e8a5  _sl_HandleAsync_InitComplete          
2000e931  fputc                                 
2000e931  putc                                  
2000e9bd  sl_Socket                             
2000ea49  PinConfigSet                          
2000ead1  __aeabi_cdcmpeq                       
2000ead1  __aeabi_cdcmple                       
2000eb57  __aeabi_cdrcmple                      
2000ebdd  I2CMasterInitExpClk                   
2000ec61  sl_WlanRxFilterSet                    
2000ece5  GPIOIntTypeSet                        
2000ed69  _sl_HandleAsync_Connect               
2000eee9  __aeabi_fmul                          
2000ef63  __aeabi_memclr                        
2000ef63  __aeabi_memclr4                       
2000ef63  __aeabi_memclr8                       
2000ef65  __aeabi_memset                        
2000ef65  __aeabi_memset4                       
2000ef65  __aeabi_memset8                       
2000ef6b  memset                                
2000efdd  spi_Close                             
2000f055  UARTConfigSetExpClk                   
2000f0cd  _SlNonOsMainLoopTask                  
2000f141  __TI_closefile                        
2000f295  HOSTrename                            
2000f301  _SlDrvCmdSend                         
2000f36d  _sl_NetAppSendTokenValue              
2000f3d9  HOSTlseek                             
2000f441  __TI_decompress_lzss                  
2000f4a9  _SlNonOsSpawn                         
2000f50d  _sl_HandleAsync_Accept                
2000f571  fprintf                               
2000f5d5  fseek                                 
2000f639  sl_NetAppMDNSUnRegisterService        
2000f69d  uDMAChannelAttributeDisable           
2000f701  uDMAChannelAttributeEnable            
2000f765  __TI_wrt_ok                           
2000f7c9  HOSTopen                              
2000f829  sl_Close                              
2000f889  sl_WlanProfileDel                     
2000f8e9  sl_WlanSetMode                        
2000f949  close                                 
2000f9a5  frexp                                 
2000f9a5  frexpl                                
2000fa01  HOSTread                              
2000fa59  HOSTwrite                             
2000fab1  IntPendClear                          
2000fb09  PRCMPeripheralReset                   
2000fbb9  IntPrioritySet                        
2000fc0d  _SlDrvRxIrqHandler                    
2000fc61  __TI_ltoa                             
2000fcb5  _sl_HandleAsync_Select                
2000fd5d  _sl_HandleAsync_Stop                  
2000fdad  SPIIntEnable                          
2000fe45  _SlDrvProtectAsyncRespSetting         
2000fe91  __TI_doflush                          
2000ff29  atoi                                  
2000ff75  snprintf                              
2000ffc1  uDMAChannelAssign                     
20010055  HOSTtime                              
2001009d  SPIIntClear                           
200100e5  _SlDrvBasicCmd                        
2001012d  exit                                  
20010175  __aeabi_d2iz                          
200101bd  HOSTclose                             
20010201  HOSTunlink                            
20010289  TimerConfigure                        
200102cd  _SlDrvHandleHttpServerEvents          
20010311  _SlDrvSyncObjWaitTimeout              
20010355  __TI_auto_init_nobinit_nopinit        
200103dd  getdevice                             
20010421  sl_Htonl                              
20010465  PinModeSet                            
200104a5  _SlDrvHandleNetAppEvents              
200104e5  _SlDrvHandleWlanEvents                
20010565  sprintf                               
200105a5  vsnprintf                             
200105e5  NwpRegisterInterruptHandler           
2001069d  PRCMPeripheralClkEnable               
200106d9  simplelink_timerA2_start              
20010715  sl_Htons                              
20010751  uDMAChannelControlSet                 
2001078d  NwpPowerOff                           
200107c5  __TI_writemsg                         
200107f3  C$$IO$$                               
200107fd  __aeabi_f2iz                          
20010835  __aeabi_i2f                           
2001086d  sl_WlanDisconnect                     
200108a5  GPIODirModeSet                        
200108db  strncpy                               
20010911  PRCMPeripheralStatusGet               
20010945  SPIFIFOLevelSet                       
20010979  __TI_cleanup                          
200109ad  __TI_readmsg                          
200109e1  rand                                  
20010a15  PinTypeGPIO                           
20010a45  UARTDisable                           
20010ad5  finddevice                            
20010b05  __aeabi_i2d                           
20010b33  I2CMasterErr                          
20010b61  NwpPowerOn                            
20010b8d  PRCMSysResetCauseGet                  
20010be5  _SlDrvProtectionObjLockWaitForever    
20010c11  remove                                
20010c11  unlink                                
20010c3d  TimerLoadSet                          
20010c67  TimerPrescaleSet                      
20010c91  PRCMPeripheralClkDisable              
20010cb9  _SlDrvGlobalObjUnLock                 
20010ce1  _SlDrvProtectionObjUnLock             
20010d09  _SlDrvSyncObjWaitForever              
20010d59  lseek                                 
20010d81  memmove                               
20010da9  write                                 
20010dd1  _SlDrvObjLockWaitForever              
20010df9  DmaSpiSwIntHandler                    
20010e1d  IntUnregister                         
20010e41  UARTEnable                            
20010e65  _c_int00_noargs                       
20010e89  srand                                 
20010ead  GPIOIntStatus                         
20010ecf  I2CMasterSlaveAddrSet                 
20010ef1  SPIReset                              
20010f13  SPIWordCountSet                       
20010f35  GPIOPinWrite                          
20010f55  IntRegister                           
20010f75  NwpPrePowerOffTimout0                 
20010f95  SPIDataGet                            
20010fb5  TimerGetCurrentTimestamp              
20010fd5  _SlDrvObjUnLock                       
20010ff5  _SlDrvSyncObjSignal                   
20011015  memchr                                
20011035  GPIOIntRegister                       
20011053  I2CMasterIntStatusEx                  
20011071  SPIDataPut                            
2001108f  TimerEnable                           
200110ad  UARTCharPut                           
200110e9  PinTypeI2C                            
20011105  SysTickIntRegister                    
20011121  TimerValueGet                         
2001113d  UARTCharGetNonBlocking                
20011159  _SlDrvStartMeasureTimeout             
20011191  memccpy                               
200111ad  uDMAChannelEnable                     
200111c9  GPIOIntDisable                        
200111e3  GPIOIntEnable                         
200111fd  PinTypeSPI                            
20011217  PinTypeUART                           
20011231  SPIDmaDisable                         
2001124b  SPIDmaEnable                          
20011265  SPIFIFODisable                        
2001127f  SPIFIFOEnable                         
20011299  SPIIntUnregister                      
200112b3  GPIOPinRead                           
200112cb  I2CMasterIntEnableEx                  
200112e3  SPICSDisable                          
200112fb  SPICSEnable                           
20011313  SPIDisable                            
2001132b  SPIEnable                             
20011345  SysTickPeriodSet                      
2001135d  UARTCharsAvail                        
20011375  _SlNonOsSemSet                        
200113ed  __aeabi_lmul                          
20011405  strcmp                                
2001141d  I2CMasterDataPut                      
20011433  I2CMasterEnable                       
20011449  I2CMasterIntClear                     
2001145f  PRCMHIBRegRead                        
20011475  PRCMHIBRegWrite                       
2001148b  _SlDrvMemZero                         
200114a1  strchr                                
200114b7  CPUcpsie                              
200114cb  GPIOIntClear                          
200114e1  IntVTableBaseSet                      
200114f5  strcpy                                
20011509  strlen                                
2001151d  I2CMasterControl                      
2001152f  I2CMasterTimeoutSet                   
20011541  wcslen                                
20011555  SysTickDisable                        
20011565  SysTickEnable                         
20011575  SysTickIntEnable                      
20011585  _SlDrvDispatchHttpServerEvents        
20011595  I2CMasterDataGet                      
200115a3  _SlDrvResetCmdExt                     
200115b1  __time32                              
200115b1  time                                  
200115bf  __TI_decompress_none                  
200115cd  NwpMaskInterrupt                      
200115d9  NwpUnMaskInterrupt                    
200115e5  SysTickValueGet                       
200115f1  copysign                              
200115f1  copysignl                             
200115fd  __TI_zero_init                        
20011609  IntMasterEnable                       
2001161d  __aeabi_errno_addr                    
20011625  malloc                                
2001162d  UtilsDelay                            
2001163b  _system_pre_init                      
2001163f  C$$EXIT                               
2001163f  abort                                 
20011b3f  _ctypes_                              
20011ebc  OpcodeTranslateTable                  
20011ef8  _SlActionLookupTable                  
200120d4  _SlNetAppSendTokenValueCmdCtrl        
20012118  __TI_static_base__                    
20012234  __TI_Handler_Table_Base               
20012240  __TI_Handler_Table_Limit              
20012248  __TI_CINIT_Base                       
20012258  __TI_CINIT_Limit                      
20017000  __start___llvm_prf_cnts               
20017000  __stop___llvm_prf_cnts                
20017000  _sys_memory                           
2001f000  _ftable                               
2001f0f0  eight                                 
2001f180  five                                  
2001f210  four                                  
2001f2a0  last                                  
2001f330  mute                                  
2001f3c0  nine                                  
2001f450  one                                   
2001f4e0  seven                                 
2001f570  six                                   
2001f600  three                                 
2001f690  two                                   
2001f720  zero                                  
2001f7b0  _device                               
2001f828  _stream                               
2001f878  g__SlNonOsCB                          
2001f8b4  g_uiLED1Port                          
2001f8b8  g_uiLED2Port                          
2001f8bc  g_uiLED3Port                          
2001f8c0  buttonpresses                         
2001f8c4  currentCharacter                      
2001f8c8  bufferIndex                           
2001f8cc  sendBufferHeight                      
2001f8d0  displayToSendMessageIndex             
2001f8d4  dvcAdr                                
2001f8d5  dvcRegOffSetX                         
2001f8d6  dvcRegOffSetY                         
2001f8d8  cursor_x                              
2001f8dc  cursor_y                              
2001f8e0  textsize                              
2001f8e4  textcolor                             
2001f8e8  textbgcolor                           
2001f8ec  wrap                                  
2001f904  __TI_ft_end                           
2001f908  __aeabi_stdin                         
2001f90c  __aeabi_stdout                        
2001f910  __aeabi_stderr                        
2001f914  g_SlDeviceStatus                      
2001f918  g_pCB                                 
2001f91c  pPingCallBackFunc                     
2001f924  __TI_cleanup_ptr                      
2001f928  __TI_dtors_ptr                        
2001f92c  __TI_enable_exit_profile_output       
2001f930  g_ulStatus                            
2001f934  g_ulPingPacketsRecv                   
2001f938  g_ulGatewayIP                         
2001f93c  g_SpiFd                               
2001f940  g_pHostIntHdl                         
2001f944  g_ucDMAEnabled                        
2001f948  _lock                                 
2001f94c  _unlock                               
2001f958  errno                                 
2001fad0  __CIOBUF_                             
2001fbf0  rdDataBufX                            
2001fcf0  rdDataBufY                            
2001fdf0  __TI_tmpnams                          
2001fe90  currentButton                         
2001ff20  bufferToSend                          
2001ff84  g_ucDinDout                           
2001ffd4  g_time                                
20020000  g_ucConnectionSSID                    
20020024  g_app_config                          
2002002c  g_ucConnectionBSSID                   
20020034  parmbuf                               
20020040  ulsystick_delta_us                    
20020048  decodingIndex                         
2002004c  g_Host                                
20020050  g_port                                
20020054  playerScore                           
20020058  systickexpired                        
2002005c  userTyping                            
20020060  RxIrqCnt                              
20020061  g_bDeviceRestartIsRequired            
20020062  g_cDummy                              
20020063  g_ucLED1Pin                           
20020064  g_ucLED2Pin                           
20020065  g_ucLED3Pin                           
2002f000  __stack                               
20030000  __STACK_END                           
ffffffff  __TI_pprof_out_hndl                   
ffffffff  __TI_prof_data_size                   
ffffffff  __TI_prof_data_start                  
ffffffff  __binit__                             
ffffffff  __c_args__                            
ffffffff  binit                                 
UNDEFED   __mpu_init                            
UNDEFED   _system_post_cinit                    

[451 symbols]
